id,name
user1,User-1
user2,User-2
user3,User-3
user4,User-4
user5,User-5
